[     285ms] [LOG] [Fast Refresh] done in 979ms @ webpack-internal:///(app-pages-browser)/./node_modules/.pnpm/next@16.3.3_@babel+core@7.2_6d6ab1e5213fcc636aaaecfbabd48314/node_modules/next/dist/next-devtools/shared/forward-logs-shared.js:44
[     473ms] [LOG] [Fast Refresh] rebuilding @ webpack-internal:///(app-pages-browser)/./node_modules/.pnpm/next@16.3.3_@babel+core@7.2_6d6ab1e5213fcc636aaaecfbabd48314/node_modules/next/dist/next-devtools/shared/forward-logs-shared.js:44
[    1317ms] [LOG] [Fast Refresh] done in 844ms @ webpack-internal:///(app-pages-browser)/./node_modules/.pnpm/next@16.3.3_@babel+core@7.2_6d6ab1e5213fcc636aaaecfbabd48314/node_modules/next/dist/next-devtools/shared/forward-logs-shared.js:44
[    3379ms] [INFO] %cDownload the React DevTools for a better development experience: https://react.dev/link/react-devtools font-weight:bold @ webpack-internal:///(app-pages-browser)/./node_modules/.pnpm/next@16.3.3_@babel+core@7.2_6d6ab1e5213fcc636aaaecfbabd48314/node_modules/next/dist/next-devtools/shared/forward-logs-shared.js:44
[    3426ms] [LOG] [HMR] connected @ webpack-internal:///(app-pages-browser)/./node_modules/.pnpm/next@16.3.3_@babel+core@7.2_6d6ab1e5213fcc636aaaecfbabd48314/node_modules/next/dist/next-devtools/shared/forward-logs-shared.js:44
[    4029ms] [WARNING] Clerk: Clerk has been loaded with development keys. Development instances have strict usage limits and should not be used when deploying your application to production. Learn more: https://clerk.com/docs/deployments/overview @ webpack-internal:///(app-pages-browser)/./node_modules/.pnpm/next@16.3.3_@babel+core@7.2_6d6ab1e5213fcc636aaaecfbabd48314/node_modules/next/dist/next-devtools/shared/forward-logs-shared.js:44
[    6859ms] [ERROR] Connecting to 'https://clerk-telemetry.com/v1/event' violates the following Content Security Policy directive: "connect-src 'self' https://*.clerk.accounts.dev https://clerk.operis.pro https://api.clerk.com https://eu.i.posthog.com https://eu-assets.i.posthog.com https://*.ingest.sentry.io https://*.ingest.de.sentry.io https://*.ingest.us.sentry.io". The action has been blocked. @ webpack-internal:///(app-pages-browser)/./node_modules/.pnpm/@sentry+core@10.74.0/node_modules/@sentry/core/build/esm/instrument/fetch.js:57
[    6859ms] [ERROR] Fetch API cannot load https://clerk-telemetry.com/v1/event. Refused to connect because it violates the document's Content Security Policy. @ webpack-internal:///(app-pages-browser)/./node_modules/.pnpm/@sentry+core@10.74.0/node_modules/@sentry/core/build/esm/instrument/fetch.js:57
[   14263ms] [INFO] %cDownload the React DevTools for a better development experience: https://react.dev/link/react-devtools font-weight:bold @ webpack-internal:///(app-pages-browser)/./node_modules/.pnpm/next@16.3.3_@babel+core@7.2_6d6ab1e5213fcc636aaaecfbabd48314/node_modules/next/dist/next-devtools/shared/forward-logs-shared.js:44
[   14350ms] [LOG] [HMR] connected @ webpack-internal:///(app-pages-browser)/./node_modules/.pnpm/next@16.3.3_@babel+core@7.2_6d6ab1e5213fcc636aaaecfbabd48314/node_modules/next/dist/next-devtools/shared/forward-logs-shared.js:44
[   14859ms] [WARNING] Clerk: Clerk has been loaded with development keys. Development instances have strict usage limits and should not be used when deploying your application to production. Learn more: https://clerk.com/docs/deployments/overview @ webpack-internal:///(app-pages-browser)/./node_modules/.pnpm/next@16.3.3_@babel+core@7.2_6d6ab1e5213fcc636aaaecfbabd48314/node_modules/next/dist/next-devtools/shared/forward-logs-shared.js:44
[   16773ms] [WARNING] Detected `scroll-behavior: smooth` on the `<html>` element. To disable smooth scrolling during route transitions, add `data-scroll-behavior="smooth"` to your <html> element. Learn more: https://nextjs.org/docs/messages/missing-data-scroll-behavior @ webpack-internal:///(app-pages-browser)/./node_modules/.pnpm/next@16.3.3_@babel+core@7.2_6d6ab1e5213fcc636aaaecfbabd48314/node_modules/next/dist/next-devtools/shared/forward-logs-shared.js:44
[   51164ms] [INFO] %cDownload the React DevTools for a better development experience: https://react.dev/link/react-devtools font-weight:bold @ webpack-internal:///(app-pages-browser)/./node_modules/.pnpm/next@16.3.3_@babel+core@7.2_6d6ab1e5213fcc636aaaecfbabd48314/node_modules/next/dist/next-devtools/shared/forward-logs-shared.js:44
[   51218ms] [LOG] [HMR] connected @ webpack-internal:///(app-pages-browser)/./node_modules/.pnpm/next@16.3.3_@babel+core@7.2_6d6ab1e5213fcc636aaaecfbabd48314/node_modules/next/dist/next-devtools/shared/forward-logs-shared.js:44
[   51674ms] [WARNING] Clerk: Clerk has been loaded with development keys. Development instances have strict usage limits and should not be used when deploying your application to production. Learn more: https://clerk.com/docs/deployments/overview @ webpack-internal:///(app-pages-browser)/./node_modules/.pnpm/next@16.3.3_@babel+core@7.2_6d6ab1e5213fcc636aaaecfbabd48314/node_modules/next/dist/next-devtools/shared/forward-logs-shared.js:44
[   52853ms] [WARNING] Detected `scroll-behavior: smooth` on the `<html>` element. To disable smooth scrolling during route transitions, add `data-scroll-behavior="smooth"` to your <html> element. Learn more: https://nextjs.org/docs/messages/missing-data-scroll-behavior @ webpack-internal:///(app-pages-browser)/./node_modules/.pnpm/next@16.3.3_@babel+core@7.2_6d6ab1e5213fcc636aaaecfbabd48314/node_modules/next/dist/next-devtools/shared/forward-logs-shared.js:44
[   54699ms] [ERROR] Connecting to 'https://clerk-telemetry.com/v1/event' violates the following Content Security Policy directive: "connect-src 'self' https://*.clerk.accounts.dev https://clerk.operis.pro https://api.clerk.com https://eu.i.posthog.com https://eu-assets.i.posthog.com https://*.ingest.sentry.io https://*.ingest.de.sentry.io https://*.ingest.us.sentry.io". The action has been blocked. @ webpack-internal:///(app-pages-browser)/./node_modules/.pnpm/@sentry+core@10.74.0/node_modules/@sentry/core/build/esm/instrument/fetch.js:57
[   54699ms] [ERROR] Fetch API cannot load https://clerk-telemetry.com/v1/event. Refused to connect because it violates the document's Content Security Policy. @ webpack-internal:///(app-pages-browser)/./node_modules/.pnpm/@sentry+core@10.74.0/node_modules/@sentry/core/build/esm/instrument/fetch.js:57
[   80163ms] [LOG] [Fast Refresh] rebuilding @ webpack-internal:///(app-pages-browser)/./node_modules/.pnpm/next@16.3.3_@babel+core@7.2_6d6ab1e5213fcc636aaaecfbabd48314/node_modules/next/dist/next-devtools/shared/forward-logs-shared.js:44
[   81930ms] [LOG] [Fast Refresh] done in 1771ms @ webpack-internal:///(app-pages-browser)/./node_modules/.pnpm/next@16.3.3_@babel+core@7.2_6d6ab1e5213fcc636aaaecfbabd48314/node_modules/next/dist/next-devtools/shared/forward-logs-shared.js:44
[   82067ms] [LOG] [Fast Refresh] rebuilding @ webpack-internal:///(app-pages-browser)/./node_modules/.pnpm/next@16.3.3_@babel+core@7.2_6d6ab1e5213fcc636aaaecfbabd48314/node_modules/next/dist/next-devtools/shared/forward-logs-shared.js:44
[   84033ms] [LOG] [Fast Refresh] done in 1966ms @ webpack-internal:///(app-pages-browser)/./node_modules/.pnpm/next@16.3.3_@babel+core@7.2_6d6ab1e5213fcc636aaaecfbabd48314/node_modules/next/dist/next-devtools/shared/forward-logs-shared.js:44
[  108772ms] [LOG] [Fast Refresh] rebuilding @ webpack-internal:///(app-pages-browser)/./node_modules/.pnpm/next@16.3.3_@babel+core@7.2_6d6ab1e5213fcc636aaaecfbabd48314/node_modules/next/dist/next-devtools/shared/forward-logs-shared.js:44
[  111853ms] [WARNING] [Fast Refresh] performing full reload

Fast Refresh will perform a full reload when you edit a file that's imported by modules outside of the React rendering tree.
You might have a file which exports a React component but also exports a value that is imported by a non-React component file.
Consider migrating the non-React component export to a separate file and importing it into both files.

It is also possible the parent component of the component you edited is a class component, which disables Fast Refresh.
Fast Refresh requires at least one parent function component in your React tree. @ webpack-internal:///(app-pages-browser)/./node_modules/.pnpm/next@16.3.3_@babel+core@7.2_6d6ab1e5213fcc636aaaecfbabd48314/node_modules/next/dist/next-devtools/shared/forward-logs-shared.js:44
[  112196ms] [LOG] [Fast Refresh] rebuilding @ webpack-internal:///(app-pages-browser)/./node_modules/.pnpm/next@16.3.3_@babel+core@7.2_6d6ab1e5213fcc636aaaecfbabd48314/node_modules/next/dist/next-devtools/shared/forward-logs-shared.js:44
[  115837ms] [LOG] [Fast Refresh] done in 3642ms @ webpack-internal:///(app-pages-browser)/./node_modules/.pnpm/next@16.3.3_@babel+core@7.2_6d6ab1e5213fcc636aaaecfbabd48314/node_modules/next/dist/next-devtools/shared/forward-logs-shared.js:44
[  116089ms] [LOG] [Fast Refresh] rebuilding @ webpack-internal:///(app-pages-browser)/./node_modules/.pnpm/next@16.3.3_@babel+core@7.2_6d6ab1e5213fcc636aaaecfbabd48314/node_modules/next/dist/next-devtools/shared/forward-logs-shared.js:44
[  116996ms] [LOG] [Fast Refresh] done in 908ms @ webpack-internal:///(app-pages-browser)/./node_modules/.pnpm/next@16.3.3_@babel+core@7.2_6d6ab1e5213fcc636aaaecfbabd48314/node_modules/next/dist/next-devtools/shared/forward-logs-shared.js:44
[  121088ms] [INFO] %cDownload the React DevTools for a better development experience: https://react.dev/link/react-devtools font-weight:bold @ webpack-internal:///(app-pages-browser)/./node_modules/.pnpm/next@16.3.3_@babel+core@7.2_6d6ab1e5213fcc636aaaecfbabd48314/node_modules/next/dist/next-devtools/shared/forward-logs-shared.js:44
[  121161ms] [LOG] [HMR] connected @ webpack-internal:///(app-pages-browser)/./node_modules/.pnpm/next@16.3.3_@babel+core@7.2_6d6ab1e5213fcc636aaaecfbabd48314/node_modules/next/dist/next-devtools/shared/forward-logs-shared.js:44
[  121859ms] [WARNING] Clerk: Clerk has been loaded with development keys. Development instances have strict usage limits and should not be used when deploying your application to production. Learn more: https://clerk.com/docs/deployments/overview @ webpack-internal:///(app-pages-browser)/./node_modules/.pnpm/next@16.3.3_@babel+core@7.2_6d6ab1e5213fcc636aaaecfbabd48314/node_modules/next/dist/next-devtools/shared/forward-logs-shared.js:44
[  124596ms] [INFO] %cDownload the React DevTools for a better development experience: https://react.dev/link/react-devtools font-weight:bold @ webpack-internal:///(app-pages-browser)/./node_modules/.pnpm/next@16.3.3_@babel+core@7.2_6d6ab1e5213fcc636aaaecfbabd48314/node_modules/next/dist/next-devtools/shared/forward-logs-shared.js:44
[  124677ms] [LOG] [HMR] connected @ webpack-internal:///(app-pages-browser)/./node_modules/.pnpm/next@16.3.3_@babel+core@7.2_6d6ab1e5213fcc636aaaecfbabd48314/node_modules/next/dist/next-devtools/shared/forward-logs-shared.js:44
[  125175ms] [WARNING] Clerk: Clerk has been loaded with development keys. Development instances have strict usage limits and should not be used when deploying your application to production. Learn more: https://clerk.com/docs/deployments/overview @ webpack-internal:///(app-pages-browser)/./node_modules/.pnpm/next@16.3.3_@babel+core@7.2_6d6ab1e5213fcc636aaaecfbabd48314/node_modules/next/dist/next-devtools/shared/forward-logs-shared.js:44
[  127335ms] [WARNING] Detected `scroll-behavior: smooth` on the `<html>` element. To disable smooth scrolling during route transitions, add `data-scroll-behavior="smooth"` to your <html> element. Learn more: https://nextjs.org/docs/messages/missing-data-scroll-behavior @ webpack-internal:///(app-pages-browser)/./node_modules/.pnpm/next@16.3.3_@babel+core@7.2_6d6ab1e5213fcc636aaaecfbabd48314/node_modules/next/dist/next-devtools/shared/forward-logs-shared.js:44
[  132954ms] [LOG] [Fast Refresh] rebuilding @ webpack-internal:///(app-pages-browser)/./node_modules/.pnpm/next@16.3.3_@babel+core@7.2_6d6ab1e5213fcc636aaaecfbabd48314/node_modules/next/dist/next-devtools/shared/forward-logs-shared.js:44
[  133607ms] [LOG] [Fast Refresh] done in 654ms @ webpack-internal:///(app-pages-browser)/./node_modules/.pnpm/next@16.3.3_@babel+core@7.2_6d6ab1e5213fcc636aaaecfbabd48314/node_modules/next/dist/next-devtools/shared/forward-logs-shared.js:44
[  133772ms] [LOG] [Fast Refresh] rebuilding @ webpack-internal:///(app-pages-browser)/./node_modules/.pnpm/next@16.3.3_@babel+core@7.2_6d6ab1e5213fcc636aaaecfbabd48314/node_modules/next/dist/next-devtools/shared/forward-logs-shared.js:44
[  134804ms] [LOG] [Fast Refresh] done in 1031ms @ webpack-internal:///(app-pages-browser)/./node_modules/.pnpm/next@16.3.3_@babel+core@7.2_6d6ab1e5213fcc636aaaecfbabd48314/node_modules/next/dist/next-devtools/shared/forward-logs-shared.js:44
[ 1136799ms] [INFO] %cDownload the React DevTools for a better development experience: https://react.dev/link/react-devtools font-weight:bold @ webpack-internal:///(app-pages-browser)/./node_modules/.pnpm/next@16.3.3_@babel+core@7.2_6d6ab1e5213fcc636aaaecfbabd48314/node_modules/next/dist/next-devtools/shared/forward-logs-shared.js:44
[ 1136881ms] [LOG] [HMR] connected @ webpack-internal:///(app-pages-browser)/./node_modules/.pnpm/next@16.3.3_@babel+core@7.2_6d6ab1e5213fcc636aaaecfbabd48314/node_modules/next/dist/next-devtools/shared/forward-logs-shared.js:44
[ 1137439ms] [WARNING] Clerk: Clerk has been loaded with development keys. Development instances have strict usage limits and should not be used when deploying your application to production. Learn more: https://clerk.com/docs/deployments/overview @ webpack-internal:///(app-pages-browser)/./node_modules/.pnpm/next@16.3.3_@babel+core@7.2_6d6ab1e5213fcc636aaaecfbabd48314/node_modules/next/dist/next-devtools/shared/forward-logs-shared.js:44
